Student Information Client
==========================
Connecting to server at ag-server-duyldhe176352:4008
Enter student IDs (e.g., 'S001', 'S123')
Press Enter (empty input) to exit

Enter Student ID:  S001

========== Server Response ==========
Student ID: 
Status: 
Error: 
Message: 
=====================================

Enter Student ID: Student Information Client
==========================
Connecting to server at ag-server-duyldhe176352:4008
Enter student IDs (e.g., 'S001', 'S123')
Press Enter (empty input) to exit

Enter Student ID:  S123

========== Server Response ==========
Student ID: 
Status: 
Error: 
Message: 
=====================================

Enter Student ID: Student Information Client
==========================
Connecting to server at ag-server-duyldhe176352:4008
Enter student IDs (e.g., 'S001', 'S123')
Press Enter (empty input) to exit

Enter Student ID:  S123

========== Server Response ==========
Student ID: 
Status: 
Error: 
Message: 
=====================================

Enter Student ID: Student Information Client
==========================
Connecting to server at ag-server-duyldhe176352:4008
Enter student IDs (e.g., 'S001', 'S123')
Press Enter (empty input) to exit

Enter Student ID:  S001

========== Server Response ==========
Student ID: 
Status: 
Error: 
Message: 
=====================================

Enter Student ID: Student Information Client
==========================
Connecting to server at ag-server-duyldhe176352:4008
Enter student IDs (e.g., 'S001', 'S123')
Press Enter (empty input) to exit

Enter Student ID:  s001

========== Server Response ==========
Student ID: 
Status: 
Error: 
Message: 
=====================================

Enter Student ID: Student Information Client
==========================
Connecting to server at ag-server-duyldhe176352:4008
Enter student IDs (e.g., 'S001', 'S123')
Press Enter (empty input) to exit

Enter Student ID:  Sabc

========== Server Response ==========
Student ID: 
Status: 
Error: 
Message: 
=====================================

Enter Student ID: Student Information Client
==========================
Connecting to server at ag-server-duyldhe176352:4008
Enter student IDs (e.g., 'S001', 'S123')
Press Enter (empty input) to exit

Enter Student ID:  S111

========== Server Response ==========
Student ID: 
Status: 
Error: 
Message: 
=====================================

