Student Information Client
==========================
Connecting to server at ag-server-DuyCNHE187327:4007
Enter student IDs (e.g., 'S001', 'S123')
Press Enter (empty input) to exit

Enter Student ID:  S001

========== Server Response ==========
Student ID: 
Status: 
Error: Only 0 digits
Message: Only 0 digits
=====================================

Enter Student ID: Student Information Client
==========================
Connecting to server at ag-server-DuyCNHE187327:4007
Enter student IDs (e.g., 'S001', 'S123')
Press Enter (empty input) to exit

Enter Student ID:  S123

========== Server Response ==========
Student ID: 
Status: 
Error: Only 0 digits
Message: Only 0 digits
=====================================

Enter Student ID: Student Information Client
==========================
Connecting to server at ag-server-DuyCNHE187327:4007
Enter student IDs (e.g., 'S001', 'S123')
Press Enter (empty input) to exit

Enter Student ID:  S123

========== Server Response ==========
Student ID: 
Status: 
Error: Only 0 digits
Message: Only 0 digits
=====================================

Enter Student ID: Student Information Client
==========================
Connecting to server at ag-server-DuyCNHE187327:4007
Enter student IDs (e.g., 'S001', 'S123')
Press Enter (empty input) to exit

Enter Student ID:  S001

========== Server Response ==========
Student ID: 
Status: 
Error: Only 0 digits
Message: Only 0 digits
=====================================

Enter Student ID: Student Information Client
==========================
Connecting to server at ag-server-DuyCNHE187327:4007
Enter student IDs (e.g., 'S001', 'S123')
Press Enter (empty input) to exit

Enter Student ID:  s001

========== Server Response ==========
Student ID: 
Status: 
Error: Lowercase 's'
Message: Lowercase 's'
=====================================

Enter Student ID: Student Information Client
==========================
Connecting to server at ag-server-DuyCNHE187327:4007
Enter student IDs (e.g., 'S001', 'S123')
Press Enter (empty input) to exit

Enter Student ID:  Sabc

========== Server Response ==========
Student ID: 
Status: 
Error: Only 0 digits
Message: Only 0 digits
=====================================

Enter Student ID: Student Information Client
==========================
Connecting to server at ag-server-DuyCNHE187327:4007
Enter student IDs (e.g., 'S001', 'S123')
Press Enter (empty input) to exit

Enter Student ID:  S111
Error: Failed to parse server response

Raw response: {"StudentExists":false,"StudentName":"","Message":"Only 0 digits","students":[]}{"StudentExists":false,"StudentName":"","Message":"","students":[]}

