Student Information Client
==========================
Connecting to server at ag-server-AnhDThe187386:4003
Enter student IDs (e.g., 'S001', 'S123')
Press Enter (empty input) to exit

Enter Student ID:  S001

========== Server Response ==========
Student ID: S001
Status: success
Name: John Smith
Major: Computer Science
Year: 3
GPA: 3.5
Message: Student information retrieved successfully
=====================================

Enter Student ID: Student Information Client
==========================
Connecting to server at ag-server-AnhDThe187386:4003
Enter student IDs (e.g., 'S001', 'S123')
Press Enter (empty input) to exit

Enter Student ID:  S123

========== Server Response ==========
Student ID: S123
Status: error
Error: Student not found
Message: Student not found
=====================================

Enter Student ID: Student Information Client
==========================
Connecting to server at ag-server-AnhDThe187386:4003
Enter student IDs (e.g., 'S001', 'S123')
Press Enter (empty input) to exit

Enter Student ID:  S123

========== Server Response ==========
Student ID: S123
Status: error
Error: Student not found
Message: Student not found
=====================================

Enter Student ID: Student Information Client
==========================
Connecting to server at ag-server-AnhDThe187386:4003
Enter student IDs (e.g., 'S001', 'S123')
Press Enter (empty input) to exit

Enter Student ID:  S001

========== Server Response ==========
Student ID: S001
Status: success
Name: John Smith
Major: Computer Science
Year: 3
GPA: 3.5
Message: Student information retrieved successfully
=====================================

Enter Student ID: Student Information Client
==========================
Connecting to server at ag-server-AnhDThe187386:4003
Enter student IDs (e.g., 'S001', 'S123')
Press Enter (empty input) to exit

Enter Student ID:  s001

========== Server Response ==========
Student ID: s001
Status: error
Error: Invalid student ID format. Expected: S followed by 3 digits
Message: Invalid student ID format. Expected: S followed by 3 digits
=====================================

Enter Student ID: Student Information Client
==========================
Connecting to server at ag-server-AnhDThe187386:4003
Enter student IDs (e.g., 'S001', 'S123')
Press Enter (empty input) to exit

Enter Student ID:  Sabc

========== Server Response ==========
Student ID: Sabc
Status: error
Error: Student not found
Message: Student not found
=====================================

Enter Student ID: Student Information Client
==========================
Connecting to server at ag-server-AnhDThe187386:4003
Enter student IDs (e.g., 'S001', 'S123')
Press Enter (empty input) to exit

Enter Student ID:  S111

========== Server Response ==========
Student ID: S111
Status: error
Error: Student not found
Message: Student not found
=====================================

