Student Information Client
==========================
Connecting to server at ag-server-duynthe180374:4009
Enter student IDs (e.g., 'S001', 'S123')
Press Enter (empty input) to exit

Enter Student ID:  S001
Error: Failed to parse server response

Raw response: 

Enter Student ID: Student Information Client
==========================
Connecting to server at ag-server-duynthe180374:4009
Enter student IDs (e.g., 'S001', 'S123')
Press Enter (empty input) to exit

Enter Student ID:  S123
Error: Failed to parse server response

Raw response: 

Enter Student ID: Student Information Client
==========================
Connecting to server at ag-server-duynthe180374:4009
Enter student IDs (e.g., 'S001', 'S123')
Press Enter (empty input) to exit

Enter Student ID:  S123
Error: Failed to parse server response

Raw response: 

Enter Student ID: Student Information Client
==========================
Connecting to server at ag-server-duynthe180374:4009
Enter student IDs (e.g., 'S001', 'S123')
Press Enter (empty input) to exit

Enter Student ID:  S001
Error: Failed to parse server response

Raw response: 

Enter Student ID: Student Information Client
==========================
Connecting to server at ag-server-duynthe180374:4009
Enter student IDs (e.g., 'S001', 'S123')
Press Enter (empty input) to exit

Enter Student ID:  s001
Error: Failed to parse server response

Raw response: 

Enter Student ID: Student Information Client
==========================
Connecting to server at ag-server-duynthe180374:4009
Enter student IDs (e.g., 'S001', 'S123')
Press Enter (empty input) to exit

Enter Student ID:  Sabc
Error: Failed to parse server response

Raw response: 

Enter Student ID: Student Information Client
==========================
Connecting to server at ag-server-duynthe180374:4009
Enter student IDs (e.g., 'S001', 'S123')
Press Enter (empty input) to exit

Enter Student ID:  S111
Error: Failed to parse server response

Raw response: 

