Sample data initialized successfully!
Students: 5
Unhandled exception. System.FormatException: An invalid IP address was specified.
 ---> System.Net.Sockets.SocketException (22): Invalid argument
   --- End of inner exception stack trace ---
   at System.Net.IPAddressParser.Parse(ReadOnlySpan`1 ipSpan, Boolean tryParse)
   at Server.Main(String[] args)
   at Server.<Main>(String[] args)
xargs: dotnet: terminated by signal 6
Sample data initialized successfully!
Students: 5
Unhandled exception. System.FormatException: An invalid IP address was specified.
 ---> System.Net.Sockets.SocketException (22): Invalid argument
   --- End of inner exception stack trace ---
   at System.Net.IPAddressParser.Parse(ReadOnlySpan`1 ipSpan, Boolean tryParse)
   at Server.Main(String[] args)
   at Server.<Main>(String[] args)
xargs: dotnet: terminated by signal 6
Student Information Client
==========================
Connecting to server at localhost:4003
Enter student IDs (e.g., 'S001', 'S123')
Press Enter (empty input) to exit

Enter Student ID: Exiting...
Student Information Client
==========================
Connecting to server at localhost:4003
Enter student IDs (e.g., 'S001', 'S123')
Press Enter (empty input) to exit

Enter Student ID: Exiting...
Student Information Client
==========================
Connecting to server at localhost:4003
Enter student IDs (e.g., 'S001', 'S123')
Press Enter (empty input) to exit

Enter Student ID: Exiting...
Student Information Client
==========================
Connecting to server at localhost:4003
Enter student IDs (e.g., 'S001', 'S123')
Press Enter (empty input) to exit

Enter Student ID: Exiting...
