Student Information Client
==========================
Connecting to server at localhost:4002
Enter student IDs (e.g., 'S001', 'S123')
Press Enter (empty input) to exit

Enter Student ID: Exiting...
Student Information Client
==========================
Connecting to server at localhost:4002
Enter student IDs (e.g., 'S001', 'S123')
Press Enter (empty input) to exit

Enter Student ID: Exiting...
Student Information Client
==========================
Connecting to server at localhost:4002
Enter student IDs (e.g., 'S001', 'S123')
Press Enter (empty input) to exit

Enter Student ID: Exiting...
Student Information Client
==========================
Connecting to server at localhost:4002
Enter student IDs (e.g., 'S001', 'S123')
Press Enter (empty input) to exit

Enter Student ID: Exiting...
Student Information Client
==========================
Connecting to server at localhost:4002
Enter student IDs (e.g., 'S001', 'S123')
Press Enter (empty input) to exit

Enter Student ID: Exiting...
Student Information Client
==========================
Connecting to server at localhost:4002
Enter student IDs (e.g., 'S001', 'S123')
Press Enter (empty input) to exit

Enter Student ID: Exiting...
