Student Information Client
==========================
Connecting to server at ag-server-cuongnvhe181200:4000
Enter student IDs (e.g., 'S001', 'S123')
Press Enter (empty input) to exit

Enter Student ID:  S001
Error: Server is not running. Please try again later.

Enter Student ID: Student Information Client
==========================
Connecting to server at ag-server-cuongnvhe181200:4000
Enter student IDs (e.g., 'S001', 'S123')
Press Enter (empty input) to exit

Enter Student ID:  S123
Error: Server is not running. Please try again later.

Enter Student ID: Student Information Client
==========================
Connecting to server at ag-server-cuongnvhe181200:4000
Enter student IDs (e.g., 'S001', 'S123')
Press Enter (empty input) to exit

Enter Student ID:  S123
Error: Server is not running. Please try again later.

Enter Student ID: Student Information Client
==========================
Connecting to server at ag-server-cuongnvhe181200:4000
Enter student IDs (e.g., 'S001', 'S123')
Press Enter (empty input) to exit

Enter Student ID:  S001
Error: Server is not running. Please try again later.

Enter Student ID: Student Information Client
==========================
Connecting to server at ag-server-cuongnvhe181200:4000
Enter student IDs (e.g., 'S001', 'S123')
Press Enter (empty input) to exit

Enter Student ID:  s001
Error: Server is not running. Please try again later.

Enter Student ID: Student Information Client
==========================
Connecting to server at ag-server-cuongnvhe181200:4000
Enter student IDs (e.g., 'S001', 'S123')
Press Enter (empty input) to exit

Enter Student ID:  Sabc
Error: Server is not running. Please try again later.

Enter Student ID: Student Information Client
==========================
Connecting to server at ag-server-cuongnvhe181200:4000
Enter student IDs (e.g., 'S001', 'S123')
Press Enter (empty input) to exit

Enter Student ID:  S111
Error: Server is not running. Please try again later.

